---
source: config/tests/config_tests.rs
expression: worker_cache
---
{
  "workers": {
    "O6EMZUvkFG2rPW2rgLPOJM4323x0XCslMgXWL5Z7ALM=": {
      "0": {
        "name": "dt4/oHrYlTWhdms3mHV8irOu9b6H3uFunhBt2LUJcp4=",
        "transactions": "/ip4/127.0.0.1/tcp/0/http",
        "worker_to_worker": "/ip4/127.0.0.1/tcp/0/http",
        "primary_to_worker": "/ip4/127.0.0.1/tcp/0/http"
      },
      "1": {
        "name": "lrisYqEadH5cgLhsT1EW5q6uVKxwCXLTJQO3klahUy8=",
        "transactions": "/ip4/127.0.0.1/tcp/0/http",
        "worker_to_worker": "/ip4/127.0.0.1/tcp/0/http",
        "primary_to_worker": "/ip4/127.0.0.1/tcp/0/http"
      },
      "2": {
        "name": "VayIYzPsiroVrY4eilEUVKCM/LfNcMWN2ELKoHCNGr8=",
        "transactions": "/ip4/127.0.0.1/tcp/0/http",
        "worker_to_worker": "/ip4/127.0.0.1/tcp/0/http",
        "primary_to_worker": "/ip4/127.0.0.1/tcp/0/http"
      },
      "3": {
        "name": "Kt9mRluFkBunwfq2VREQbBXuSYGOsFo95bA/PIrvVhc=",
        "transactions": "/ip4/127.0.0.1/tcp/0/http",
        "worker_to_worker": "/ip4/127.0.0.1/tcp/0/http",
        "primary_to_worker": "/ip4/127.0.0.1/tcp/0/http"
      }
    },
    "gznZnDM7s6J3/reAuNRsrDDNzZBQ2+I1+4zGe5HBsGo=": {
      "0": {
        "name": "hkGX9Mxcq2yO3Ut5xIXvuaVVcYt1tgPi6LmPVewN4mc=",
        "transactions": "/ip4/127.0.0.1/tcp/0/http",
        "worker_to_worker": "/ip4/127.0.0.1/tcp/0/http",
        "primary_to_worker": "/ip4/127.0.0.1/tcp/0/http"
      },
      "1": {
        "name": "vVDfe4JyrKvldWAMAgdqeUvACFqw15e4PUoj4ByOfCQ=",
        "transactions": "/ip4/127.0.0.1/tcp/0/http",
        "worker_to_worker": "/ip4/127.0.0.1/tcp/0/http",
        "primary_to_worker": "/ip4/127.0.0.1/tcp/0/http"
      },
      "2": {
        "name": "+oKq7VFT0pAQvjlvEti2YUw5fHXEYT/bs21P9wTlAKs=",
        "transactions": "/ip4/127.0.0.1/tcp/0/http",
        "worker_to_worker": "/ip4/127.0.0.1/tcp/0/http",
        "primary_to_worker": "/ip4/127.0.0.1/tcp/0/http"
      },
      "3": {
        "name": "FsiKyAGnhMcChNBf+L2B8EHX6mMup8oqJ8bK/9ZRkww=",
        "transactions": "/ip4/127.0.0.1/tcp/0/http",
        "worker_to_worker": "/ip4/127.0.0.1/tcp/0/http",
        "primary_to_worker": "/ip4/127.0.0.1/tcp/0/http"
      }
    },
    "nUdhahjfIDkwfwZCImAliLUqaq6qe2/oxrTZ66inh7E=": {
      "0": {
        "name": "6j/Odu4Qs6ZF+zBAUR36tMnNYFj0GSkBTRZGb147LCo=",
        "transactions": "/ip4/127.0.0.1/tcp/0/http",
        "worker_to_worker": "/ip4/127.0.0.1/tcp/0/http",
        "primary_to_worker": "/ip4/127.0.0.1/tcp/0/http"
      },
      "1": {
        "name": "r7SQXpVQz0YqggB4JKBV2XWuk0RwxHfZ3bttKyZMNvo=",
        "transactions": "/ip4/127.0.0.1/tcp/0/http",
        "worker_to_worker": "/ip4/127.0.0.1/tcp/0/http",
        "primary_to_worker": "/ip4/127.0.0.1/tcp/0/http"
      },
      "2": {
        "name": "l+fthD+rGkLOnCEpQ1IewioCVodHzAA7iB+9J/cL3+A=",
        "transactions": "/ip4/127.0.0.1/tcp/0/http",
        "worker_to_worker": "/ip4/127.0.0.1/tcp/0/http",
        "primary_to_worker": "/ip4/127.0.0.1/tcp/0/http"
      },
      "3": {
        "name": "XEf+9+MRPcAcVu9NR3v+UVevwzlpoBT4u1U34YzOxkw=",
        "transactions": "/ip4/127.0.0.1/tcp/0/http",
        "worker_to_worker": "/ip4/127.0.0.1/tcp/0/http",
        "primary_to_worker": "/ip4/127.0.0.1/tcp/0/http"
      }
    },
    "ucbuFjDvPnERRKZI2wa7sihPcnTPvuU//O5QPMGkkgA=": {
      "0": {
        "name": "rvP0pLjsod/DQzYb+OQ2vULeklnAS4MU644gVN1ugqs=",
        "transactions": "/ip4/127.0.0.1/tcp/0/http",
        "worker_to_worker": "/ip4/127.0.0.1/tcp/0/http",
        "primary_to_worker": "/ip4/127.0.0.1/tcp/0/http"
      },
      "1": {
        "name": "ildi4hrBzbOHBELHe0w69Yx87bh3nQJw5tTx4vc2fXQ=",
        "transactions": "/ip4/127.0.0.1/tcp/0/http",
        "worker_to_worker": "/ip4/127.0.0.1/tcp/0/http",
        "primary_to_worker": "/ip4/127.0.0.1/tcp/0/http"
      },
      "2": {
        "name": "zGIzLjS7LVzWn2Dvuyo2y5FsfrRYMB6jZjbE27ASvYg=",
        "transactions": "/ip4/127.0.0.1/tcp/0/http",
        "worker_to_worker": "/ip4/127.0.0.1/tcp/0/http",
        "primary_to_worker": "/ip4/127.0.0.1/tcp/0/http"
      },
      "3": {
        "name": "I47bbumpH9yOcb5QwKP7PPKS2QJN26wCqqcJCWsKqdo=",
        "transactions": "/ip4/127.0.0.1/tcp/0/http",
        "worker_to_worker": "/ip4/127.0.0.1/tcp/0/http",
        "primary_to_worker": "/ip4/127.0.0.1/tcp/0/http"
      }
    }
  },
  "epoch": 0
}
